// Jest Snapshot v1, https://goo.gl/fbAQLP

exports[`Wallet renders properly 1`] = `
"<div>
  <h3 className=\\"balance\\">
    Wallet Balance: 
    20
  </h3>
  <br />
  <input className=\\"input-wallet\\" onChange={[Function (anonymous)]} />
  <button className=\\"btn-deposit\\" onClick={[Function (anonymous)]}>
    Deposit
  </button>
  <button className=\\"btn-withdraw\\" onClick={[Function (anonymous)]}>
    Withdraw
  </button>
</div>"
`;
